// Jest Snapshot v1, https://goo.gl/fbAQLP

exports[`App component matches snapshot 1`] = `
<div
  className="app"
>
  <nav
    className="app__navbar"
  >
    <a
      aria-current="page"
      className="app__nav-item active"
      href="/"
      onClick={[Function]}
    >
      Home
    </a>
    <a
      className="app__nav-item"
      href="/signup"
      onClick={[Function]}
    >
      Signup
    </a>
    <a
      className="app__nav-item"
      href="/login"
      onClick={[Function]}
    >
      Login
    </a>
  </nav>
  <div
    className="home"
  >
    <h2>
      You are not logged in, 
      <a
        href="/login"
        onClick={[Function]}
      >
        log in
      </a>
       or 
      <a
        href="/signup"
        onClick={[Function]}
      >
        signup
      </a>
    </h2>
  </div>
</div>
`;
